<?xml version="1.0" encoding="utf-8"?>
<TestRun id="49d431b8-45ff-4401-9742-048fc0039088" name="RobertoLombardi@NBLOMBARDI3 2026-08-11 16:51:00" runUser="AzureAD\RobertoLombardi" xmlns="http://microsoft.com/schemas/VisualStudio/TeamTest/2010">
  <Times creation="2026-08-11T16:51:00.3038767+02:00" queuing="2026-08-11T16:51:00.3038768+02:00" start="2026-08-11T16:50:59.7911755+02:00" finish="2026-08-11T16:51:01.6026713+02:00" />
  <TestSettings name="default" id="494897e4-9142-4c6d-a66c-08bf1c2ad88f">
    <Deployment runDeploymentRoot="RobertoLombardi_NBLOMBARDI3_2026-08-11_16_51_00" />
  </TestSettings>
  <Results>
    <UnitTestResult executionId="b664818b-34ec-453d-81d0-9bd92fdc0cb9" testId="2f0ba21f-6329-be7d-7f00-f193a1105be7" testName="MedWork.Api.Tests.Integration.AdminCrudIntegrationTests.Post_ExamType_Returns_Ok" computerName="NBLOMBARDI3" duration="00:00:00.0464036" startTime="2026-08-11T16:51:01.1995327+02:00" endTime="2026-08-11T16:51:01.1995328+02:00" testType="13cdc9d9-ddb5-4fa4-a97d-d965ccfc6d4b" outcome="Passed" testListId="8c84fa94-04c1-424b-9868-57a2d4851a1d" relativeResultsDirectory="b664818b-34ec-453d-81d0-9bd92fdc0cb9" />
    <UnitTestResult executionId="7d1cebd8-dcc5-48f7-b7fa-a2393cfcda01" testId="9212043c-1468-809c-d57e-6978c02c6db4" testName="MedWork.Api.Tests.NavigationNullabilityTests.Navigation_Property_Is_Nullable(modelType: typeof(MedWork.Api.Models.MedicalRecord), propertyName: &quot;Employee&quot;)" computerName="NBLOMBARDI3" duration="00:00:00.0000129" startTime="2026-08-11T16:51:00.2837801+02:00" endTime="2026-08-11T16:51:00.2837801+02:00" testType="13cdc9d9-ddb5-4fa4-a97d-d965ccfc6d4b" outcome="Passed" testListId="8c84fa94-04c1-424b-9868-57a2d4851a1d" relativeResultsDirectory="7d1cebd8-dcc5-48f7-b7fa-a2393cfcda01" />
    <UnitTestResult executionId="4b0534b7-4aa7-4539-a3b1-b50594ef918e" testId="587d34c9-201a-de39-f4e1-14c6df34caa1" testName="MedWork.Api.Tests.Integration.AuthorizationIntegrationTests.Admin_Endpoint_With_Doctor_Role_Returns_Forbidden" computerName="NBLOMBARDI3" duration="00:00:00.0204603" startTime="2026-08-11T16:51:01.2283010+02:00" endTime="2026-08-11T16:51:01.2283011+02:00" testType="13cdc9d9-ddb5-4fa4-a97d-d965ccfc6d4b" outcome="Passed" testListId="8c84fa94-04c1-424b-9868-57a2d4851a1d" relativeResultsDirectory="4b0534b7-4aa7-4539-a3b1-b50594ef918e" />
    <UnitTestResult executionId="cead46ed-c639-43fd-8492-160e6b34eb70" testId="42a37d8b-75d2-925a-7bb2-78683ea938c9" testName="MedWork.Api.Tests.Integration.AdminCrudIntegrationTests.Post_Company_Returns_Ok" computerName="NBLOMBARDI3" duration="00:00:00.0257157" startTime="2026-08-11T16:51:01.2257172+02:00" endTime="2026-08-11T16:51:01.2257176+02:00" testType="13cdc9d9-ddb5-4fa4-a97d-d965ccfc6d4b" outcome="Passed" testListId="8c84fa94-04c1-424b-9868-57a2d4851a1d" relativeResultsDirectory="cead46ed-c639-43fd-8492-160e6b34eb70" />
    <UnitTestResult executionId="26508603-9021-4679-8907-5a6150ab945f" testId="0497de1d-78f7-b5d1-232a-ec5ba54e1a29" testName="MedWork.Api.Tests.Integration.DoctorCrudIntegrationTests.Post_MedicalRecord_DuplicateEmployee_Returns_Conflict" computerName="NBLOMBARDI3" duration="00:00:00.0062297" startTime="2026-08-11T16:51:01.4681034+02:00" endTime="2026-08-11T16:51:01.4681035+02:00" testType="13cdc9d9-ddb5-4fa4-a97d-d965ccfc6d4b" outcome="Passed" testListId="8c84fa94-04c1-424b-9868-57a2d4851a1d" relativeResultsDirectory="26508603-9021-4679-8907-5a6150ab945f" />
    <UnitTestResult executionId="eee71325-c7f5-4400-b35d-5036ee68f7a8" testId="2cde30f6-480c-5f4d-5c9e-c64289cb59fb" testName="MedWork.Api.Tests.EntityValidationTests.Entity_With_Valid_Data_Passes_Validation(entity: VisitExam { CreatedAt = 2026-08-11T14:51:00.2539614Z, ExamType = null, ExamTypeId = 1, Id = 0, IsAbnormal = False, ··· })" computerName="NBLOMBARDI3" duration="00:00:00.0008792" startTime="2026-08-11T16:51:00.2851221+02:00" endTime="2026-08-11T16:51:00.2851221+02:00" testType="13cdc9d9-ddb5-4fa4-a97d-d965ccfc6d4b" outcome="Passed" testListId="8c84fa94-04c1-424b-9868-57a2d4851a1d" relativeResultsDirectory="eee71325-c7f5-4400-b35d-5036ee68f7a8" />
    <UnitTestResult executionId="b5067461-6316-4c49-b6ec-db35df7e280c" testId="2cde30f6-480c-5f4d-5c9e-c64289cb59fb" testName="MedWork.Api.Tests.EntityValidationTests.Entity_With_Valid_Data_Passes_Validation(entity: ExamType { Category = &quot;Funzionale Respiratorio&quot;, CreatedAt = 2026-08-11T14:51:00.2528994Z, Description = null, Id = 0, IsActive = True, ··· })" computerName="NBLOMBARDI3" duration="00:00:00.0005744" startTime="2026-08-11T16:51:00.2851109+02:00" endTime="2026-08-11T16:51:00.2851110+02:00" testType="13cdc9d9-ddb5-4fa4-a97d-d965ccfc6d4b" outcome="Passed" testListId="8c84fa94-04c1-424b-9868-57a2d4851a1d" relativeResultsDirectory="b5067461-6316-4c49-b6ec-db35df7e280c" />
    <UnitTestResult executionId="1fa85787-0c7b-4ea5-816d-efa11502636c" testId="5f9e427f-bffb-cae1-08d6-be8e11051591" testName="MedWork.Api.Tests.Integration.Fase1EndpointsTests.Allegato3B_Validate_ReturnsValid" computerName="NBLOMBARDI3" duration="00:00:00.0099406" startTime="2026-08-11T16:51:01.3648256+02:00" endTime="2026-08-11T16:51:01.3648257+02:00" testType="13cdc9d9-ddb5-4fa4-a97d-d965ccfc6d4b" outcome="Passed" testListId="8c84fa94-04c1-424b-9868-57a2d4851a1d" relativeResultsDirectory="1fa85787-0c7b-4ea5-816d-efa11502636c" />
    <UnitTestResult executionId="a2ea1856-18ae-4999-a5c4-31e5d47bc121" testId="17b78f12-fee1-9ace-d7b9-7bddd35632a5" testName="MedWork.Api.Tests.Integration.AdminCrudIntegrationTests.Post_RiskFactor_Returns_Ok" computerName="NBLOMBARDI3" duration="00:00:00.6065927" startTime="2026-08-11T16:51:01.1527757+02:00" endTime="2026-08-11T16:51:01.1527758+02:00" testType="13cdc9d9-ddb5-4fa4-a97d-d965ccfc6d4b" outcome="Passed" testListId="8c84fa94-04c1-424b-9868-57a2d4851a1d" relativeResultsDirectory="a2ea1856-18ae-4999-a5c4-31e5d47bc121" />
    <UnitTestResult executionId="260e0b5d-7915-4215-8951-0c98938a9c04" testId="2cde30f6-480c-5f4d-5c9e-c64289cb59fb" testName="MedWork.Api.Tests.EntityValidationTests.Entity_With_Valid_Data_Passes_Validation(entity: EmployeeRisk { AssignedAt = 2026-08-11T14:51:00.2488541Z, Employee = null, EmployeeId = 1, Id = 0, IsActive = True, ··· })" computerName="NBLOMBARDI3" duration="00:00:00.0005257" startTime="2026-08-11T16:51:00.2850801+02:00" endTime="2026-08-11T16:51:00.2850801+02:00" testType="13cdc9d9-ddb5-4fa4-a97d-d965ccfc6d4b" outcome="Passed" testListId="8c84fa94-04c1-424b-9868-57a2d4851a1d" relativeResultsDirectory="260e0b5d-7915-4215-8951-0c98938a9c04" />
    <UnitTestResult executionId="84465308-2e62-45d3-9fef-547325f9e997" testId="892cbf03-5f03-ac4c-15cb-f75fbaf59d37" testName="MedWork.Api.Tests.NavigationNullabilityTests.Navigation_Property_Is_Nullable(modelType: typeof(MedWork.Api.Models.EmployeeRisk), propertyName: &quot;Employee&quot;)" computerName="NBLOMBARDI3" duration="00:00:00.0000087" startTime="2026-08-11T16:51:00.2838302+02:00" endTime="2026-08-11T16:51:00.2838302+02:00" testType="13cdc9d9-ddb5-4fa4-a97d-d965ccfc6d4b" outcome="Passed" testListId="8c84fa94-04c1-424b-9868-57a2d4851a1d" relativeResultsDirectory="84465308-2e62-45d3-9fef-547325f9e997" />
    <UnitTestResult executionId="1ec5b8ed-d625-4ca6-9a6e-5e9849cd5171" testId="3c96c098-833f-7988-0a22-c134b970e050" testName="MedWork.Api.Tests.Integration.DoctorCrudIntegrationTests.Post_MedicalVisit_Valid_Returns_Ok" computerName="NBLOMBARDI3" duration="00:00:01.2008255" startTime="2026-08-11T16:51:01.4467983+02:00" endTime="2026-08-11T16:51:01.4467985+02:00" testType="13cdc9d9-ddb5-4fa4-a97d-d965ccfc6d4b" outcome="Passed" testListId="8c84fa94-04c1-424b-9868-57a2d4851a1d" relativeResultsDirectory="1ec5b8ed-d625-4ca6-9a6e-5e9849cd5171" />
    <UnitTestResult executionId="6b095cbd-e8e1-4bfc-84c9-85560b1dc03b" testId="7ec1157d-139f-8345-c1e9-b2d426f76ef1" testName="MedWork.Api.Tests.NavigationNullabilityTests.Navigation_Property_Is_Nullable(modelType: typeof(MedWork.Api.Models.VisitExam), propertyName: &quot;ExamType&quot;)" computerName="NBLOMBARDI3" duration="00:00:00.0000140" startTime="2026-08-11T16:51:00.2838427+02:00" endTime="2026-08-11T16:51:00.2838427+02:00" testType="13cdc9d9-ddb5-4fa4-a97d-d965ccfc6d4b" outcome="Passed" testListId="8c84fa94-04c1-424b-9868-57a2d4851a1d" relativeResultsDirectory="6b095cbd-e8e1-4bfc-84c9-85560b1dc03b" />
    <UnitTestResult executionId="5ee14623-d0d1-4623-a85b-95e25880176c" testId="dd080d72-1b55-c980-6de2-56d1b5e866f2" testName="MedWork.Api.Tests.Integration.Fase1EndpointsTests.AlertMultiCanale_SendBulk_ReturnsResults" computerName="NBLOMBARDI3" duration="00:00:00.9073762" startTime="2026-08-11T16:51:01.1507221+02:00" endTime="2026-08-11T16:51:01.1507222+02:00" testType="13cdc9d9-ddb5-4fa4-a97d-d965ccfc6d4b" outcome="Passed" testListId="8c84fa94-04c1-424b-9868-57a2d4851a1d" relativeResultsDirectory="5ee14623-d0d1-4623-a85b-95e25880176c" />
    <UnitTestResult executionId="127933c7-9872-4292-ad2f-d36ccafcf81a" testId="540cbba4-6301-d924-341f-1e005468ca0c" testName="MedWork.Api.Tests.Integration.AdminEmployeeIntegrationTests.Post_Employee_With_Only_ForeignKeyIds_Returns_Ok" computerName="NBLOMBARDI3" duration="00:00:01.1272457" startTime="2026-08-11T16:51:01.3733883+02:00" endTime="2026-08-11T16:51:01.3733886+02:00" testType="13cdc9d9-ddb5-4fa4-a97d-d965ccfc6d4b" outcome="Passed" testListId="8c84fa94-04c1-424b-9868-57a2d4851a1d" relativeResultsDirectory="127933c7-9872-4292-ad2f-d36ccafcf81a" />
    <UnitTestResult executionId="76149d03-e751-4b21-aff3-ed9e56624526" testId="d4e7f576-44e5-5642-408c-16837e363d36" testName="MedWork.Api.Tests.EntityValidationTests.MedicalVisit_With_Deadline_Before_Visit_Fails_Validation" computerName="NBLOMBARDI3" duration="00:00:00.0016857" startTime="2026-08-11T16:51:00.2851428+02:00" endTime="2026-08-11T16:51:00.2851429+02:00" testType="13cdc9d9-ddb5-4fa4-a97d-d965ccfc6d4b" outcome="Passed" testListId="8c84fa94-04c1-424b-9868-57a2d4851a1d" relativeResultsDirectory="76149d03-e751-4b21-aff3-ed9e56624526" />
    <UnitTestResult executionId="ae3bd292-df2d-481f-b7c7-01a84cf1547f" testId="2cde30f6-480c-5f4d-5c9e-c64289cb59fb" testName="MedWork.Api.Tests.EntityValidationTests.Entity_With_Valid_Data_Passes_Validation(entity: Company { ATECOCode = null, Branches = [], CompanyContacts = [], CompanyDoctors = [], ContactEmail = &quot;hr@acme.it&quot;, ··· })" computerName="NBLOMBARDI3" duration="00:00:00.0065065" startTime="2026-08-11T16:51:00.2839143+02:00" endTime="2026-08-11T16:51:00.2839144+02:00" testType="13cdc9d9-ddb5-4fa4-a97d-d965ccfc6d4b" outcome="Passed" testListId="8c84fa94-04c1-424b-9868-57a2d4851a1d" relativeResultsDirectory="ae3bd292-df2d-481f-b7c7-01a84cf1547f" />
    <UnitTestResult executionId="e29e3238-d1ea-4e75-9f8d-316c955ac3a0" testId="b3d4a86b-998d-ceb3-df89-c9f4dd353978" testName="MedWork.Api.Tests.NavigationNullabilityTests.Navigation_Property_Is_Nullable(modelType: typeof(MedWork.Api.Models.Employee), propertyName: &quot;Branch&quot;)" computerName="NBLOMBARDI3" duration="00:00:00.0075789" startTime="2026-08-11T16:51:00.2566674+02:00" endTime="2026-08-11T16:51:00.2567234+02:00" testType="13cdc9d9-ddb5-4fa4-a97d-d965ccfc6d4b" outcome="Passed" testListId="8c84fa94-04c1-424b-9868-57a2d4851a1d" relativeResultsDirectory="e29e3238-d1ea-4e75-9f8d-316c955ac3a0" />
    <UnitTestResult executionId="aedeb624-666a-462c-8aef-e39e983fb151" testId="5aa74380-85a6-ab2e-933c-5f5e9f1131da" testName="MedWork.Api.Tests.Integration.Fase1EndpointsTests.CartellaSanitaria_Upsert_Then_Get_ReturnsOk" computerName="NBLOMBARDI3" duration="00:00:00.1445730" startTime="2026-08-11T16:51:01.2956579+02:00" endTime="2026-08-11T16:51:01.2956581+02:00" testType="13cdc9d9-ddb5-4fa4-a97d-d965ccfc6d4b" outcome="Passed" testListId="8c84fa94-04c1-424b-9868-57a2d4851a1d" relativeResultsDirectory="aedeb624-666a-462c-8aef-e39e983fb151" />
    <UnitTestResult executionId="38366eb8-6cca-4287-8553-545207d6f273" testId="b7db0981-180b-4d21-9f1d-7f752ebb546d" testName="MedWork.Api.Tests.NavigationNullabilityTests.Navigation_Property_Is_Nullable(modelType: typeof(MedWork.Api.Models.MedicalVisit), propertyName: &quot;Doctor&quot;)" computerName="NBLOMBARDI3" duration="00:00:00.0000122" startTime="2026-08-11T16:51:00.2838181+02:00" endTime="2026-08-11T16:51:00.2838182+02:00" testType="13cdc9d9-ddb5-4fa4-a97d-d965ccfc6d4b" outcome="Passed" testListId="8c84fa94-04c1-424b-9868-57a2d4851a1d" relativeResultsDirectory="38366eb8-6cca-4287-8553-545207d6f273" />
    <UnitTestResult executionId="8d190d2f-5247-47ab-95ab-23d4197d9ecf" testId="fac2bd5d-dded-93d3-f5ae-695e30c811a7" testName="MedWork.Api.Tests.Integration.DoctorCrudIntegrationTests.VisitExam_Lifecycle_Create_Update_Delete_Works" computerName="NBLOMBARDI3" duration="00:00:00.0472238" startTime="2026-08-11T16:51:01.5389861+02:00" endTime="2026-08-11T16:51:01.5389863+02:00" testType="13cdc9d9-ddb5-4fa4-a97d-d965ccfc6d4b" outcome="Passed" testListId="8c84fa94-04c1-424b-9868-57a2d4851a1d" relativeResultsDirectory="8d190d2f-5247-47ab-95ab-23d4197d9ecf" />
    <UnitTestResult executionId="34cce2d3-afae-4e2b-9e33-f199c4cd882c" testId="08b15d5e-4ce7-9665-dcb3-886ff759d18c" testName="MedWork.Api.Tests.NavigationNullabilityTests.Navigation_Property_Is_Nullable(modelType: typeof(MedWork.Api.Models.MedicalVisit), propertyName: &quot;Employee&quot;)" computerName="NBLOMBARDI3" duration="00:00:00.0001990" startTime="2026-08-11T16:51:00.2604075+02:00" endTime="2026-08-11T16:51:00.2604076+02:00" testType="13cdc9d9-ddb5-4fa4-a97d-d965ccfc6d4b" outcome="Passed" testListId="8c84fa94-04c1-424b-9868-57a2d4851a1d" relativeResultsDirectory="34cce2d3-afae-4e2b-9e33-f199c4cd882c" />
    <UnitTestResult executionId="c6ef16b0-ecbd-487b-830e-fcacc284dc5d" testId="c3fbf6f0-432a-a2ad-f3d8-16fbafd3caf3" testName="MedWork.Api.Tests.Integration.AdminCrudIntegrationTests.Post_EmployeeRisk_Returns_Ok" computerName="NBLOMBARDI3" duration="00:00:00.1418971" startTime="2026-08-11T16:51:01.3679913+02:00" endTime="2026-08-11T16:51:01.3679915+02:00" testType="13cdc9d9-ddb5-4fa4-a97d-d965ccfc6d4b" outcome="Passed" testListId="8c84fa94-04c1-424b-9868-57a2d4851a1d" relativeResultsDirectory="c6ef16b0-ecbd-487b-830e-fcacc284dc5d" />
    <UnitTestResult executionId="7dbca1ed-62e5-4e1f-b3f2-9dee5d39923d" testId="446c621c-0f00-ab7c-4a8b-0533eeaca4b5" testName="MedWork.Api.Tests.Integration.DoctorCrudIntegrationTests.Post_MedicalVisit_InvalidDates_Returns_BadRequest" computerName="NBLOMBARDI3" duration="00:00:00.0042804" startTime="2026-08-11T16:51:01.5435284+02:00" endTime="2026-08-11T16:51:01.5435285+02:00" testType="13cdc9d9-ddb5-4fa4-a97d-d965ccfc6d4b" outcome="Passed" testListId="8c84fa94-04c1-424b-9868-57a2d4851a1d" relativeResultsDirectory="7dbca1ed-62e5-4e1f-b3f2-9dee5d39923d" />
    <UnitTestResult executionId="9f519e3f-9204-4ed7-ba7d-6200d708a4f0" testId="8808359c-ad3b-2275-3f54-e4b480b3f7f0" testName="MedWork.Api.Tests.Integration.AdminLifecycleAndNegativeIntegrationTests.Company_Lifecycle_Create_Update_Delete_Works" computerName="NBLOMBARDI3" duration="00:00:00.0841848" startTime="2026-08-11T16:51:01.3151793+02:00" endTime="2026-08-11T16:51:01.3151795+02:00" testType="13cdc9d9-ddb5-4fa4-a97d-d965ccfc6d4b" outcome="Passed" testListId="8c84fa94-04c1-424b-9868-57a2d4851a1d" relativeResultsDirectory="9f519e3f-9204-4ed7-ba7d-6200d708a4f0" />
    <UnitTestResult executionId="e035744d-54ab-426d-a020-401604e49d7f" testId="4eef7452-5daf-977b-d3ff-9a59776abec9" testName="MedWork.Api.Tests.Integration.AdminCrudIntegrationTests.Post_Doctor_Returns_NotFound_After_Removal" computerName="NBLOMBARDI3" duration="00:00:00.2958006" startTime="2026-08-11T16:51:00.5444126+02:00" endTime="2026-08-11T16:51:00.5444131+02:00" testType="13cdc9d9-ddb5-4fa4-a97d-d965ccfc6d4b" outcome="Passed" testListId="8c84fa94-04c1-424b-9868-57a2d4851a1d" relativeResultsDirectory="e035744d-54ab-426d-a020-401604e49d7f" />
    <UnitTestResult executionId="f01d340a-fc65-4949-983a-1e425c6ea9e7" testId="85634f90-86fb-6d26-daa3-2b87b5f799c6" testName="MedWork.Api.Tests.Integration.AdminLifecycleAndNegativeIntegrationTests.Post_Employee_With_Missing_RequiredFields_Returns_BadRequest" computerName="NBLOMBARDI3" duration="00:00:00.9845128" startTime="2026-08-11T16:51:01.2305849+02:00" endTime="2026-08-11T16:51:01.2305851+02:00" testType="13cdc9d9-ddb5-4fa4-a97d-d965ccfc6d4b" outcome="Passed" testListId="8c84fa94-04c1-424b-9868-57a2d4851a1d" relativeResultsDirectory="f01d340a-fc65-4949-983a-1e425c6ea9e7" />
    <UnitTestResult executionId="fe33d7b3-640f-42eb-8c1d-970e816bedd5" testId="2cde30f6-480c-5f4d-5c9e-c64289cb59fb" testName="MedWork.Api.Tests.EntityValidationTests.Entity_With_Valid_Data_Passes_Validation(entity: Employee { Address = null, BirthCity = &quot;Milano&quot;, BirthCityCode = &quot;F205&quot;, BirthCountryCode = &quot;IT&quot;, BirthDate = 1980-01-01T00:00:00.0000000, ··· })" computerName="NBLOMBARDI3" duration="00:00:00.0025797" startTime="2026-08-11T16:51:00.2850404+02:00" endTime="2026-08-11T16:51:00.2850405+02:00" testType="13cdc9d9-ddb5-4fa4-a97d-d965ccfc6d4b" outcome="Passed" testListId="8c84fa94-04c1-424b-9868-57a2d4851a1d" relativeResultsDirectory="fe33d7b3-640f-42eb-8c1d-970e816bedd5" />
    <UnitTestResult executionId="152b8073-c9ac-48b9-a587-996f982f2547" testId="2cde30f6-480c-5f4d-5c9e-c64289cb59fb" testName="MedWork.Api.Tests.EntityValidationTests.Entity_With_Valid_Data_Passes_Validation(entity: RiskFactor { Allegato3BCategory = null, CreatedAt = 2026-08-11T14:51:00.2480139Z, Description = &quot;Esposizione continuativa a livelli elevati di rumo&quot;···, EmployeeRisks = [], ICD10Code = null, ··· })" computerName="NBLOMBARDI3" duration="00:00:00.0007408" startTime="2026-08-11T16:51:00.2850636+02:00" endTime="2026-08-11T16:51:00.2850636+02:00" testType="13cdc9d9-ddb5-4fa4-a97d-d965ccfc6d4b" outcome="Passed" testListId="8c84fa94-04c1-424b-9868-57a2d4851a1d" relativeResultsDirectory="152b8073-c9ac-48b9-a587-996f982f2547" />
    <UnitTestResult executionId="992f4755-901d-46b5-8f1c-4cf5b21bf2ac" testId="92345bf1-2dfb-7b78-36f1-aba492f48166" testName="MedWork.Api.Tests.Integration.DoctorCrudIntegrationTests.MedicalVisit_Lifecycle_Create_Update_Delete_Works" computerName="NBLOMBARDI3" duration="00:00:00.0230337" startTime="2026-08-11T16:51:01.4914854+02:00" endTime="2026-08-11T16:51:01.4914855+02:00" testType="13cdc9d9-ddb5-4fa4-a97d-d965ccfc6d4b" outcome="Passed" testListId="8c84fa94-04c1-424b-9868-57a2d4851a1d" relativeResultsDirectory="992f4755-901d-46b5-8f1c-4cf5b21bf2ac" />
    <UnitTestResult executionId="cdca21ea-31de-4173-abac-c4a3c5a71711" testId="b827b2bd-9308-fc2a-745a-125b8fc97fe6" testName="MedWork.Api.Tests.Integration.AuthorizationIntegrationTests.Doctor_Can_Access_Doctor_And_Master_Areas" computerName="NBLOMBARDI3" duration="00:00:00.0824424" startTime="2026-08-11T16:51:01.3110789+02:00" endTime="2026-08-11T16:51:01.3110791+02:00" testType="13cdc9d9-ddb5-4fa4-a97d-d965ccfc6d4b" outcome="Passed" testListId="8c84fa94-04c1-424b-9868-57a2d4851a1d" relativeResultsDirectory="cdca21ea-31de-4173-abac-c4a3c5a71711" />
    <UnitTestResult executionId="335c3b6f-bf7e-48ea-929d-ae8c89e31810" testId="34ea61f6-d1bb-ef06-9b34-fe8dca5b1f3f" testName="MedWork.Api.Tests.Integration.Fase1EndpointsTests.Allegato3B_Submit_ReturnsReceipt" computerName="NBLOMBARDI3" duration="00:00:00.0231663" startTime="2026-08-11T16:51:01.3191712+02:00" endTime="2026-08-11T16:51:01.3191713+02:00" testType="13cdc9d9-ddb5-4fa4-a97d-d965ccfc6d4b" outcome="Passed" testListId="8c84fa94-04c1-424b-9868-57a2d4851a1d" relativeResultsDirectory="335c3b6f-bf7e-48ea-929d-ae8c89e31810" />
    <UnitTestResult executionId="4cc08287-29e9-494c-a16a-deddccf9d2ef" testId="b4ec1d63-9bf2-2e66-f696-e7ff50dc265d" testName="MedWork.Api.Tests.NavigationNullabilityTests.Navigation_Property_Is_Nullable(modelType: typeof(MedWork.Api.Models.Branch), propertyName: &quot;Company&quot;)" computerName="NBLOMBARDI3" duration="00:00:00.0000128" startTime="2026-08-11T16:51:00.2838586+02:00" endTime="2026-08-11T16:51:00.2838586+02:00" testType="13cdc9d9-ddb5-4fa4-a97d-d965ccfc6d4b" outcome="Passed" testListId="8c84fa94-04c1-424b-9868-57a2d4851a1d" relativeResultsDirectory="4cc08287-29e9-494c-a16a-deddccf9d2ef" />
    <UnitTestResult executionId="6da26989-c156-49a1-8acd-5dd2893af3c8" testId="2b4479ce-2c92-87c8-5bf8-5fd2bc985362" testName="MedWork.Api.Tests.Integration.Fase1EndpointsTests.FirmaGrafometrica_HashSample_ReturnsHex" computerName="NBLOMBARDI3" duration="00:00:00.0040575" startTime="2026-08-11T16:51:01.3545153+02:00" endTime="2026-08-11T16:51:01.3545154+02:00" testType="13cdc9d9-ddb5-4fa4-a97d-d965ccfc6d4b" outcome="Passed" testListId="8c84fa94-04c1-424b-9868-57a2d4851a1d" relativeResultsDirectory="6da26989-c156-49a1-8acd-5dd2893af3c8" />
    <UnitTestResult executionId="276eef1b-fd13-4f45-a22f-7835493b78b4" testId="a5ad300f-9331-2eda-c025-9082c2d991ab" testName="MedWork.Api.Tests.Integration.AuthorizationIntegrationTests.Admin_Can_Access_Doctor_And_Admin_Areas" computerName="NBLOMBARDI3" duration="00:00:00.9613576" startTime="2026-08-11T16:51:01.2074884+02:00" endTime="2026-08-11T16:51:01.2074886+02:00" testType="13cdc9d9-ddb5-4fa4-a97d-d965ccfc6d4b" outcome="Passed" testListId="8c84fa94-04c1-424b-9868-57a2d4851a1d" relativeResultsDirectory="276eef1b-fd13-4f45-a22f-7835493b78b4" />
    <UnitTestResult executionId="e2cb51c2-fc6e-46e2-ac9c-41c3d5c39609" testId="2cde30f6-480c-5f4d-5c9e-c64289cb59fb" testName="MedWork.Api.Tests.EntityValidationTests.Entity_With_Valid_Data_Passes_Validation(entity: Branch { Address = &quot;Via Roma 10&quot;, City = &quot;Milano&quot;, Company = null, CompanyId = 1, CreatedAt = 2026-08-11T14:51:00.2421893Z, ··· })" computerName="NBLOMBARDI3" duration="00:00:00.0012784" startTime="2026-08-11T16:51:00.2839268+02:00" endTime="2026-08-11T16:51:00.2839268+02:00" testType="13cdc9d9-ddb5-4fa4-a97d-d965ccfc6d4b" outcome="Passed" testListId="8c84fa94-04c1-424b-9868-57a2d4851a1d" relativeResultsDirectory="e2cb51c2-fc6e-46e2-ac9c-41c3d5c39609" />
    <UnitTestResult executionId="10d4ef1a-050d-4380-a88e-2ad54be47253" testId="fc5e3d4f-df2b-d961-7a7c-681e97273afa" testName="MedWork.Api.Tests.NavigationNullabilityTests.Navigation_Property_Is_Nullable(modelType: typeof(MedWork.Api.Models.EmployeeRisk), propertyName: &quot;RiskFactor&quot;)" computerName="NBLOMBARDI3" duration="00:00:00.0000198" startTime="2026-08-11T16:51:00.2835833+02:00" endTime="2026-08-11T16:51:00.2835833+02:00" testType="13cdc9d9-ddb5-4fa4-a97d-d965ccfc6d4b" outcome="Passed" testListId="8c84fa94-04c1-424b-9868-57a2d4851a1d" relativeResultsDirectory="10d4ef1a-050d-4380-a88e-2ad54be47253" />
    <UnitTestResult executionId="dd46025d-fc96-4654-83f6-d613b406833f" testId="36f1d3f0-9932-c437-935a-8579e646a108" testName="MedWork.Api.Tests.Integration.AdminCrudIntegrationTests.Post_Branch_Returns_Ok" computerName="NBLOMBARDI3" duration="00:00:00.0121099" startTime="2026-08-11T16:51:01.3803772+02:00" endTime="2026-08-11T16:51:01.3803773+02:00" testType="13cdc9d9-ddb5-4fa4-a97d-d965ccfc6d4b" outcome="Passed" testListId="8c84fa94-04c1-424b-9868-57a2d4851a1d" relativeResultsDirectory="dd46025d-fc96-4654-83f6-d613b406833f" />
    <UnitTestResult executionId="519841e2-3021-46c8-85f8-4300a607dd42" testId="2707ec67-6a05-7633-738e-27493bef8309" testName="MedWork.Api.Tests.Integration.AuthorizationIntegrationTests.Admin_Endpoint_Without_Auth_Returns_Unauthorized" computerName="NBLOMBARDI3" duration="00:00:00.0574885" startTime="2026-08-11T16:51:01.3688910+02:00" endTime="2026-08-11T16:51:01.3688912+02:00" testType="13cdc9d9-ddb5-4fa4-a97d-d965ccfc6d4b" outcome="Passed" testListId="8c84fa94-04c1-424b-9868-57a2d4851a1d" relativeResultsDirectory="519841e2-3021-46c8-85f8-4300a607dd42" />
    <UnitTestResult executionId="ed18d96f-302e-4868-88e0-c9395415f2fa" testId="698b8e31-0244-65fd-d361-f68c9e6754ad" testName="MedWork.Api.Tests.NavigationNullabilityTests.Navigation_Property_Is_Nullable(modelType: typeof(MedWork.Api.Models.Employee), propertyName: &quot;Company&quot;)" computerName="NBLOMBARDI3" duration="00:00:00.0000178" startTime="2026-08-11T16:51:00.2838737+02:00" endTime="2026-08-11T16:51:00.2838737+02:00" testType="13cdc9d9-ddb5-4fa4-a97d-d965ccfc6d4b" outcome="Passed" testListId="8c84fa94-04c1-424b-9868-57a2d4851a1d" relativeResultsDirectory="ed18d96f-302e-4868-88e0-c9395415f2fa" />
    <UnitTestResult executionId="fc432dc5-a571-47b5-ad9e-149b741deeb5" testId="b627d301-cc52-05df-19ad-d5102ddb93ee" testName="MedWork.Api.Tests.Integration.AdminLifecycleAndNegativeIntegrationTests.EmployeeRisk_Duplicate_Returns_Conflict" computerName="NBLOMBARDI3" duration="00:00:00.0131570" startTime="2026-08-11T16:51:01.4017665+02:00" endTime="2026-08-11T16:51:01.4017666+02:00" testType="13cdc9d9-ddb5-4fa4-a97d-d965ccfc6d4b" outcome="Passed" testListId="8c84fa94-04c1-424b-9868-57a2d4851a1d" relativeResultsDirectory="fc432dc5-a571-47b5-ad9e-149b741deeb5" />
    <UnitTestResult executionId="fc43fbd3-e5c4-4a16-81d6-3fea2d0a6935" testId="c2653b26-256f-a684-a40e-d63f2ab2faf4" testName="MedWork.Api.Tests.Integration.DoctorCrudIntegrationTests.Post_MedicalRecord_Returns_Ok" computerName="NBLOMBARDI3" duration="00:00:00.0145503" startTime="2026-08-11T16:51:01.4616275+02:00" endTime="2026-08-11T16:51:01.4616276+02:00" testType="13cdc9d9-ddb5-4fa4-a97d-d965ccfc6d4b" outcome="Passed" testListId="8c84fa94-04c1-424b-9868-57a2d4851a1d" relativeResultsDirectory="fc43fbd3-e5c4-4a16-81d6-3fea2d0a6935" />
    <UnitTestResult executionId="4ba37ec2-1b61-446f-ada8-909726d77cdf" testId="2cde30f6-480c-5f4d-5c9e-c64289cb59fb" testName="MedWork.Api.Tests.EntityValidationTests.Entity_With_Valid_Data_Passes_Validation(entity: MedicalVisit { Anamnesis = null, BloodPressure = null, BMI = null, ClinicalNotes = &quot;Uso DPI raccomandato&quot;, CreatedAt = 2026-08-11T14:51:00.2511041Z, ··· })" computerName="NBLOMBARDI3" duration="00:00:00.0024361" startTime="2026-08-11T16:51:00.2850989+02:00" endTime="2026-08-11T16:51:00.2850990+02:00" testType="13cdc9d9-ddb5-4fa4-a97d-d965ccfc6d4b" outcome="Passed" testListId="8c84fa94-04c1-424b-9868-57a2d4851a1d" relativeResultsDirectory="4ba37ec2-1b61-446f-ada8-909726d77cdf" />
    <UnitTestResult executionId="8c17232b-61f7-4993-afbb-9b02829e88c8" testId="89bba232-f8b7-804b-9e37-22004b731a39" testName="MedWork.Api.Tests.NavigationNullabilityTests.Navigation_Property_Is_Nullable(modelType: typeof(MedWork.Api.Models.VisitExam), propertyName: &quot;MedicalVisit&quot;)" computerName="NBLOMBARDI3" duration="00:00:00.0000128" startTime="2026-08-11T16:51:00.2838008+02:00" endTime="2026-08-11T16:51:00.2838009+02:00" testType="13cdc9d9-ddb5-4fa4-a97d-d965ccfc6d4b" outcome="Passed" testListId="8c84fa94-04c1-424b-9868-57a2d4851a1d" relativeResultsDirectory="8c17232b-61f7-4993-afbb-9b02829e88c8" />
    <UnitTestResult executionId="f44214da-7021-4c6f-963f-5e434086fab5" testId="dfa6e10e-ce97-ccc9-ec03-c9d2dcd7a0ee" testName="MedWork.Api.Tests.Integration.AdminLifecycleAndNegativeIntegrationTests.EmployeeRisk_Lifecycle_Update_Delete_Works" computerName="NBLOMBARDI3" duration="00:00:00.0727397" startTime="2026-08-11T16:51:01.3882471+02:00" endTime="2026-08-11T16:51:01.3882472+02:00" testType="13cdc9d9-ddb5-4fa4-a97d-d965ccfc6d4b" outcome="Passed" testListId="8c84fa94-04c1-424b-9868-57a2d4851a1d" relativeResultsDirectory="f44214da-7021-4c6f-963f-5e434086fab5" />
    <UnitTestResult executionId="c24d9abd-64ca-43bf-8939-da4bce7b0258" testId="2cde30f6-480c-5f4d-5c9e-c64289cb59fb" testName="MedWork.Api.Tests.EntityValidationTests.Entity_With_Valid_Data_Passes_Validation(entity: MedicalRecord { Allergies = null, CreatedAt = 2026-08-11T14:51:00.2499201Z, CurrentTherapies = &quot;Nessuna&quot;, Employee = null, EmployeeId = 1, ··· })" computerName="NBLOMBARDI3" duration="00:00:00.0007604" startTime="2026-08-11T16:51:00.2850918+02:00" endTime="2026-08-11T16:51:00.2850918+02:00" testType="13cdc9d9-ddb5-4fa4-a97d-d965ccfc6d4b" outcome="Passed" testListId="8c84fa94-04c1-424b-9868-57a2d4851a1d" relativeResultsDirectory="c24d9abd-64ca-43bf-8939-da4bce7b0258" />
    <UnitTestResult executionId="24de7173-a437-4fec-9c9a-d818b7faec2b" testId="ef74c0f4-8228-0d3f-45cd-ba2efd934018" testName="MedWork.Api.Tests.Integration.Fase1EndpointsTests.GiudizioIdoneita_Set_Then_Get_ReturnsOk" computerName="NBLOMBARDI3" duration="00:00:00.0303581" startTime="2026-08-11T16:51:01.3498608+02:00" endTime="2026-08-11T16:51:01.3498609+02:00" testType="13cdc9d9-ddb5-4fa4-a97d-d965ccfc6d4b" outcome="Passed" testListId="8c84fa94-04c1-424b-9868-57a2d4851a1d" relativeResultsDirectory="24de7173-a437-4fec-9c9a-d818b7faec2b" />
    <UnitTestResult executionId="aebc8302-acd5-4533-a402-cc0c04e2a559" testId="2cde30f6-480c-5f4d-5c9e-c64289cb59fb" testName="MedWork.Api.Tests.EntityValidationTests.Entity_With_Valid_Data_Passes_Validation(entity: Doctor { Availabilities = [], CompanyDoctors = [], CreatedAt = 2026-08-11T14:51:00.2466039Z, DigitalCertificateExpiry = null, DigitalCertificateThumbprint = null, ··· })" computerName="NBLOMBARDI3" duration="00:00:00.0009328" startTime="2026-08-11T16:51:00.2850568+02:00" endTime="2026-08-11T16:51:00.2850568+02:00" testType="13cdc9d9-ddb5-4fa4-a97d-d965ccfc6d4b" outcome="Passed" testListId="8c84fa94-04c1-424b-9868-57a2d4851a1d" relativeResultsDirectory="aebc8302-acd5-4533-a402-cc0c04e2a559" />
  </Results>
  <TestDefinitions>
    <UnitTest name="MedWork.Api.Tests.NavigationNullabilityTests.Navigation_Property_Is_Nullable(modelType: typeof(MedWork.Api.Models.EmployeeRisk), propertyName: &quot;RiskFactor&quot;)" storage="c:\github\medwork-manager\medwork.api.tests\bin\debug\net10.0\medwork.api.tests.dll" id="fc5e3d4f-df2b-d961-7a7c-681e97273afa">
      <Execution id="10d4ef1a-050d-4380-a88e-2ad54be47253" />
      <TestMethod codeBase="C:\github\medwork-manager\MedWork.Api.Tests\bin\Debug\net10.0\MedWork.Api.Tests.dll" adapterTypeName="executor://xunit/VsTestRunner2/netcoreapp" className="MedWork.Api.Tests.NavigationNullabilityTests" name="Navigation_Property_Is_Nullable" />
    </UnitTest>
    <UnitTest name="MedWork.Api.Tests.NavigationNullabilityTests.Navigation_Property_Is_Nullable(modelType: typeof(MedWork.Api.Models.MedicalVisit), propertyName: &quot;Employee&quot;)" storage="c:\github\medwork-manager\medwork.api.tests\bin\debug\net10.0\medwork.api.tests.dll" id="08b15d5e-4ce7-9665-dcb3-886ff759d18c">
      <Execution id="34cce2d3-afae-4e2b-9e33-f199c4cd882c" />
      <TestMethod codeBase="C:\github\medwork-manager\MedWork.Api.Tests\bin\Debug\net10.0\MedWork.Api.Tests.dll" adapterTypeName="executor://xunit/VsTestRunner2/netcoreapp" className="MedWork.Api.Tests.NavigationNullabilityTests" name="Navigation_Property_Is_Nullable" />
    </UnitTest>
    <UnitTest name="MedWork.Api.Tests.Integration.AdminCrudIntegrationTests.Post_EmployeeRisk_Returns_Ok" storage="c:\github\medwork-manager\medwork.api.tests\bin\debug\net10.0\medwork.api.tests.dll" id="c3fbf6f0-432a-a2ad-f3d8-16fbafd3caf3">
      <Execution id="c6ef16b0-ecbd-487b-830e-fcacc284dc5d" />
      <TestMethod codeBase="C:\github\medwork-manager\MedWork.Api.Tests\bin\Debug\net10.0\MedWork.Api.Tests.dll" adapterTypeName="executor://xunit/VsTestRunner2/netcoreapp" className="MedWork.Api.Tests.Integration.AdminCrudIntegrationTests" name="Post_EmployeeRisk_Returns_Ok" />
    </UnitTest>
    <UnitTest name="MedWork.Api.Tests.NavigationNullabilityTests.Navigation_Property_Is_Nullable(modelType: typeof(MedWork.Api.Models.Employee), propertyName: &quot;Branch&quot;)" storage="c:\github\medwork-manager\medwork.api.tests\bin\debug\net10.0\medwork.api.tests.dll" id="b3d4a86b-998d-ceb3-df89-c9f4dd353978">
      <Execution id="e29e3238-d1ea-4e75-9f8d-316c955ac3a0" />
      <TestMethod codeBase="C:\github\medwork-manager\MedWork.Api.Tests\bin\Debug\net10.0\MedWork.Api.Tests.dll" adapterTypeName="executor://xunit/VsTestRunner2/netcoreapp" className="MedWork.Api.Tests.NavigationNullabilityTests" name="Navigation_Property_Is_Nullable" />
    </UnitTest>
    <UnitTest name="MedWork.Api.Tests.Integration.AdminEmployeeIntegrationTests.Post_Employee_With_Only_ForeignKeyIds_Returns_Ok" storage="c:\github\medwork-manager\medwork.api.tests\bin\debug\net10.0\medwork.api.tests.dll" id="540cbba4-6301-d924-341f-1e005468ca0c">
      <Execution id="127933c7-9872-4292-ad2f-d36ccafcf81a" />
      <TestMethod codeBase="C:\github\medwork-manager\MedWork.Api.Tests\bin\Debug\net10.0\MedWork.Api.Tests.dll" adapterTypeName="executor://xunit/VsTestRunner2/netcoreapp" className="MedWork.Api.Tests.Integration.AdminEmployeeIntegrationTests" name="Post_Employee_With_Only_ForeignKeyIds_Returns_Ok" />
    </UnitTest>
    <UnitTest name="MedWork.Api.Tests.Integration.AdminCrudIntegrationTests.Post_Company_Returns_Ok" storage="c:\github\medwork-manager\medwork.api.tests\bin\debug\net10.0\medwork.api.tests.dll" id="42a37d8b-75d2-925a-7bb2-78683ea938c9">
      <Execution id="cead46ed-c639-43fd-8492-160e6b34eb70" />
      <TestMethod codeBase="C:\github\medwork-manager\MedWork.Api.Tests\bin\Debug\net10.0\MedWork.Api.Tests.dll" adapterTypeName="executor://xunit/VsTestRunner2/netcoreapp" className="MedWork.Api.Tests.Integration.AdminCrudIntegrationTests" name="Post_Company_Returns_Ok" />
    </UnitTest>
    <UnitTest name="MedWork.Api.Tests.Integration.AdminLifecycleAndNegativeIntegrationTests.EmployeeRisk_Lifecycle_Update_Delete_Works" storage="c:\github\medwork-manager\medwork.api.tests\bin\debug\net10.0\medwork.api.tests.dll" id="dfa6e10e-ce97-ccc9-ec03-c9d2dcd7a0ee">
      <Execution id="f44214da-7021-4c6f-963f-5e434086fab5" />
      <TestMethod codeBase="C:\github\medwork-manager\MedWork.Api.Tests\bin\Debug\net10.0\MedWork.Api.Tests.dll" adapterTypeName="executor://xunit/VsTestRunner2/netcoreapp" className="MedWork.Api.Tests.Integration.AdminLifecycleAndNegativeIntegrationTests" name="EmployeeRisk_Lifecycle_Update_Delete_Works" />
    </UnitTest>
    <UnitTest name="MedWork.Api.Tests.NavigationNullabilityTests.Navigation_Property_Is_Nullable(modelType: typeof(MedWork.Api.Models.EmployeeRisk), propertyName: &quot;Employee&quot;)" storage="c:\github\medwork-manager\medwork.api.tests\bin\debug\net10.0\medwork.api.tests.dll" id="892cbf03-5f03-ac4c-15cb-f75fbaf59d37">
      <Execution id="84465308-2e62-45d3-9fef-547325f9e997" />
      <TestMethod codeBase="C:\github\medwork-manager\MedWork.Api.Tests\bin\Debug\net10.0\MedWork.Api.Tests.dll" adapterTypeName="executor://xunit/VsTestRunner2/netcoreapp" className="MedWork.Api.Tests.NavigationNullabilityTests" name="Navigation_Property_Is_Nullable" />
    </UnitTest>
    <UnitTest name="MedWork.Api.Tests.Integration.DoctorCrudIntegrationTests.Post_MedicalRecord_Returns_Ok" storage="c:\github\medwork-manager\medwork.api.tests\bin\debug\net10.0\medwork.api.tests.dll" id="c2653b26-256f-a684-a40e-d63f2ab2faf4">
      <Execution id="fc43fbd3-e5c4-4a16-81d6-3fea2d0a6935" />
      <TestMethod codeBase="C:\github\medwork-manager\MedWork.Api.Tests\bin\Debug\net10.0\MedWork.Api.Tests.dll" adapterTypeName="executor://xunit/VsTestRunner2/netcoreapp" className="MedWork.Api.Tests.Integration.DoctorCrudIntegrationTests" name="Post_MedicalRecord_Returns_Ok" />
    </UnitTest>
    <UnitTest name="MedWork.Api.Tests.Integration.AuthorizationIntegrationTests.Admin_Can_Access_Doctor_And_Admin_Areas" storage="c:\github\medwork-manager\medwork.api.tests\bin\debug\net10.0\medwork.api.tests.dll" id="a5ad300f-9331-2eda-c025-9082c2d991ab">
      <Execution id="276eef1b-fd13-4f45-a22f-7835493b78b4" />
      <TestMethod codeBase="C:\github\medwork-manager\MedWork.Api.Tests\bin\Debug\net10.0\MedWork.Api.Tests.dll" adapterTypeName="executor://xunit/VsTestRunner2/netcoreapp" className="MedWork.Api.Tests.Integration.AuthorizationIntegrationTests" name="Admin_Can_Access_Doctor_And_Admin_Areas" />
    </UnitTest>
    <UnitTest name="MedWork.Api.Tests.Integration.AuthorizationIntegrationTests.Admin_Endpoint_With_Doctor_Role_Returns_Forbidden" storage="c:\github\medwork-manager\medwork.api.tests\bin\debug\net10.0\medwork.api.tests.dll" id="587d34c9-201a-de39-f4e1-14c6df34caa1">
      <Execution id="4b0534b7-4aa7-4539-a3b1-b50594ef918e" />
      <TestMethod codeBase="C:\github\medwork-manager\MedWork.Api.Tests\bin\Debug\net10.0\MedWork.Api.Tests.dll" adapterTypeName="executor://xunit/VsTestRunner2/netcoreapp" className="MedWork.Api.Tests.Integration.AuthorizationIntegrationTests" name="Admin_Endpoint_With_Doctor_Role_Returns_Forbidden" />
    </UnitTest>
    <UnitTest name="MedWork.Api.Tests.Integration.Fase1EndpointsTests.Allegato3B_Validate_ReturnsValid" storage="c:\github\medwork-manager\medwork.api.tests\bin\debug\net10.0\medwork.api.tests.dll" id="5f9e427f-bffb-cae1-08d6-be8e11051591">
      <Execution id="1fa85787-0c7b-4ea5-816d-efa11502636c" />
      <TestMethod codeBase="C:\github\medwork-manager\MedWork.Api.Tests\bin\Debug\net10.0\MedWork.Api.Tests.dll" adapterTypeName="executor://xunit/VsTestRunner2/netcoreapp" className="MedWork.Api.Tests.Integration.Fase1EndpointsTests" name="Allegato3B_Validate_ReturnsValid" />
    </UnitTest>
    <UnitTest name="MedWork.Api.Tests.Integration.AdminCrudIntegrationTests.Post_ExamType_Returns_Ok" storage="c:\github\medwork-manager\medwork.api.tests\bin\debug\net10.0\medwork.api.tests.dll" id="2f0ba21f-6329-be7d-7f00-f193a1105be7">
      <Execution id="b664818b-34ec-453d-81d0-9bd92fdc0cb9" />
      <TestMethod codeBase="C:\github\medwork-manager\MedWork.Api.Tests\bin\Debug\net10.0\MedWork.Api.Tests.dll" adapterTypeName="executor://xunit/VsTestRunner2/netcoreapp" className="MedWork.Api.Tests.Integration.AdminCrudIntegrationTests" name="Post_ExamType_Returns_Ok" />
    </UnitTest>
    <UnitTest name="MedWork.Api.Tests.Integration.Fase1EndpointsTests.AlertMultiCanale_SendBulk_ReturnsResults" storage="c:\github\medwork-manager\medwork.api.tests\bin\debug\net10.0\medwork.api.tests.dll" id="dd080d72-1b55-c980-6de2-56d1b5e866f2">
      <Execution id="5ee14623-d0d1-4623-a85b-95e25880176c" />
      <TestMethod codeBase="C:\github\medwork-manager\MedWork.Api.Tests\bin\Debug\net10.0\MedWork.Api.Tests.dll" adapterTypeName="executor://xunit/VsTestRunner2/netcoreapp" className="MedWork.Api.Tests.Integration.Fase1EndpointsTests" name="AlertMultiCanale_SendBulk_ReturnsResults" />
    </UnitTest>
    <UnitTest name="MedWork.Api.Tests.NavigationNullabilityTests.Navigation_Property_Is_Nullable(modelType: typeof(MedWork.Api.Models.VisitExam), propertyName: &quot;ExamType&quot;)" storage="c:\github\medwork-manager\medwork.api.tests\bin\debug\net10.0\medwork.api.tests.dll" id="7ec1157d-139f-8345-c1e9-b2d426f76ef1">
      <Execution id="6b095cbd-e8e1-4bfc-84c9-85560b1dc03b" />
      <TestMethod codeBase="C:\github\medwork-manager\MedWork.Api.Tests\bin\Debug\net10.0\MedWork.Api.Tests.dll" adapterTypeName="executor://xunit/VsTestRunner2/netcoreapp" className="MedWork.Api.Tests.NavigationNullabilityTests" name="Navigation_Property_Is_Nullable" />
    </UnitTest>
    <UnitTest name="MedWork.Api.Tests.Integration.AdminLifecycleAndNegativeIntegrationTests.EmployeeRisk_Duplicate_Returns_Conflict" storage="c:\github\medwork-manager\medwork.api.tests\bin\debug\net10.0\medwork.api.tests.dll" id="b627d301-cc52-05df-19ad-d5102ddb93ee">
      <Execution id="fc432dc5-a571-47b5-ad9e-149b741deeb5" />
      <TestMethod codeBase="C:\github\medwork-manager\MedWork.Api.Tests\bin\Debug\net10.0\MedWork.Api.Tests.dll" adapterTypeName="executor://xunit/VsTestRunner2/netcoreapp" className="MedWork.Api.Tests.Integration.AdminLifecycleAndNegativeIntegrationTests" name="EmployeeRisk_Duplicate_Returns_Conflict" />
    </UnitTest>
    <UnitTest name="MedWork.Api.Tests.Integration.AdminCrudIntegrationTests.Post_RiskFactor_Returns_Ok" storage="c:\github\medwork-manager\medwork.api.tests\bin\debug\net10.0\medwork.api.tests.dll" id="17b78f12-fee1-9ace-d7b9-7bddd35632a5">
      <Execution id="a2ea1856-18ae-4999-a5c4-31e5d47bc121" />
      <TestMethod codeBase="C:\github\medwork-manager\MedWork.Api.Tests\bin\Debug\net10.0\MedWork.Api.Tests.dll" adapterTypeName="executor://xunit/VsTestRunner2/netcoreapp" className="MedWork.Api.Tests.Integration.AdminCrudIntegrationTests" name="Post_RiskFactor_Returns_Ok" />
    </UnitTest>
    <UnitTest name="MedWork.Api.Tests.EntityValidationTests.Entity_With_Valid_Data_Passes_Validation" storage="c:\github\medwork-manager\medwork.api.tests\bin\debug\net10.0\medwork.api.tests.dll" id="2cde30f6-480c-5f4d-5c9e-c64289cb59fb">
      <Execution id="ae3bd292-df2d-481f-b7c7-01a84cf1547f" />
      <TestMethod codeBase="C:\github\medwork-manager\MedWork.Api.Tests\bin\Debug\net10.0\MedWork.Api.Tests.dll" adapterTypeName="executor://xunit/VsTestRunner2/netcoreapp" className="MedWork.Api.Tests.EntityValidationTests" name="Entity_With_Valid_Data_Passes_Validation" />
    </UnitTest>
    <UnitTest name="MedWork.Api.Tests.NavigationNullabilityTests.Navigation_Property_Is_Nullable(modelType: typeof(MedWork.Api.Models.Branch), propertyName: &quot;Company&quot;)" storage="c:\github\medwork-manager\medwork.api.tests\bin\debug\net10.0\medwork.api.tests.dll" id="b4ec1d63-9bf2-2e66-f696-e7ff50dc265d">
      <Execution id="4cc08287-29e9-494c-a16a-deddccf9d2ef" />
      <TestMethod codeBase="C:\github\medwork-manager\MedWork.Api.Tests\bin\Debug\net10.0\MedWork.Api.Tests.dll" adapterTypeName="executor://xunit/VsTestRunner2/netcoreapp" className="MedWork.Api.Tests.NavigationNullabilityTests" name="Navigation_Property_Is_Nullable" />
    </UnitTest>
    <UnitTest name="MedWork.Api.Tests.Integration.Fase1EndpointsTests.GiudizioIdoneita_Set_Then_Get_ReturnsOk" storage="c:\github\medwork-manager\medwork.api.tests\bin\debug\net10.0\medwork.api.tests.dll" id="ef74c0f4-8228-0d3f-45cd-ba2efd934018">
      <Execution id="24de7173-a437-4fec-9c9a-d818b7faec2b" />
      <TestMethod codeBase="C:\github\medwork-manager\MedWork.Api.Tests\bin\Debug\net10.0\MedWork.Api.Tests.dll" adapterTypeName="executor://xunit/VsTestRunner2/netcoreapp" className="MedWork.Api.Tests.Integration.Fase1EndpointsTests" name="GiudizioIdoneita_Set_Then_Get_ReturnsOk" />
    </UnitTest>
    <UnitTest name="MedWork.Api.Tests.Integration.DoctorCrudIntegrationTests.VisitExam_Lifecycle_Create_Update_Delete_Works" storage="c:\github\medwork-manager\medwork.api.tests\bin\debug\net10.0\medwork.api.tests.dll" id="fac2bd5d-dded-93d3-f5ae-695e30c811a7">
      <Execution id="8d190d2f-5247-47ab-95ab-23d4197d9ecf" />
      <TestMethod codeBase="C:\github\medwork-manager\MedWork.Api.Tests\bin\Debug\net10.0\MedWork.Api.Tests.dll" adapterTypeName="executor://xunit/VsTestRunner2/netcoreapp" className="MedWork.Api.Tests.Integration.DoctorCrudIntegrationTests" name="VisitExam_Lifecycle_Create_Update_Delete_Works" />
    </UnitTest>
    <UnitTest name="MedWork.Api.Tests.Integration.DoctorCrudIntegrationTests.Post_MedicalRecord_DuplicateEmployee_Returns_Conflict" storage="c:\github\medwork-manager\medwork.api.tests\bin\debug\net10.0\medwork.api.tests.dll" id="0497de1d-78f7-b5d1-232a-ec5ba54e1a29">
      <Execution id="26508603-9021-4679-8907-5a6150ab945f" />
      <TestMethod codeBase="C:\github\medwork-manager\MedWork.Api.Tests\bin\Debug\net10.0\MedWork.Api.Tests.dll" adapterTypeName="executor://xunit/VsTestRunner2/netcoreapp" className="MedWork.Api.Tests.Integration.DoctorCrudIntegrationTests" name="Post_MedicalRecord_DuplicateEmployee_Returns_Conflict" />
    </UnitTest>
    <UnitTest name="MedWork.Api.Tests.Integration.Fase1EndpointsTests.FirmaGrafometrica_HashSample_ReturnsHex" storage="c:\github\medwork-manager\medwork.api.tests\bin\debug\net10.0\medwork.api.tests.dll" id="2b4479ce-2c92-87c8-5bf8-5fd2bc985362">
      <Execution id="6da26989-c156-49a1-8acd-5dd2893af3c8" />
      <TestMethod codeBase="C:\github\medwork-manager\MedWork.Api.Tests\bin\Debug\net10.0\MedWork.Api.Tests.dll" adapterTypeName="executor://xunit/VsTestRunner2/netcoreapp" className="MedWork.Api.Tests.Integration.Fase1EndpointsTests" name="FirmaGrafometrica_HashSample_ReturnsHex" />
    </UnitTest>
    <UnitTest name="MedWork.Api.Tests.Integration.DoctorCrudIntegrationTests.MedicalVisit_Lifecycle_Create_Update_Delete_Works" storage="c:\github\medwork-manager\medwork.api.tests\bin\debug\net10.0\medwork.api.tests.dll" id="92345bf1-2dfb-7b78-36f1-aba492f48166">
      <Execution id="992f4755-901d-46b5-8f1c-4cf5b21bf2ac" />
      <TestMethod codeBase="C:\github\medwork-manager\MedWork.Api.Tests\bin\Debug\net10.0\MedWork.Api.Tests.dll" adapterTypeName="executor://xunit/VsTestRunner2/netcoreapp" className="MedWork.Api.Tests.Integration.DoctorCrudIntegrationTests" name="MedicalVisit_Lifecycle_Create_Update_Delete_Works" />
    </UnitTest>
    <UnitTest name="MedWork.Api.Tests.Integration.AdminCrudIntegrationTests.Post_Doctor_Returns_NotFound_After_Removal" storage="c:\github\medwork-manager\medwork.api.tests\bin\debug\net10.0\medwork.api.tests.dll" id="4eef7452-5daf-977b-d3ff-9a59776abec9">
      <Execution id="e035744d-54ab-426d-a020-401604e49d7f" />
      <TestMethod codeBase="C:\github\medwork-manager\MedWork.Api.Tests\bin\Debug\net10.0\MedWork.Api.Tests.dll" adapterTypeName="executor://xunit/VsTestRunner2/netcoreapp" className="MedWork.Api.Tests.Integration.AdminCrudIntegrationTests" name="Post_Doctor_Returns_NotFound_After_Removal" />
    </UnitTest>
    <UnitTest name="MedWork.Api.Tests.NavigationNullabilityTests.Navigation_Property_Is_Nullable(modelType: typeof(MedWork.Api.Models.MedicalVisit), propertyName: &quot;Doctor&quot;)" storage="c:\github\medwork-manager\medwork.api.tests\bin\debug\net10.0\medwork.api.tests.dll" id="b7db0981-180b-4d21-9f1d-7f752ebb546d">
      <Execution id="38366eb8-6cca-4287-8553-545207d6f273" />
      <TestMethod codeBase="C:\github\medwork-manager\MedWork.Api.Tests\bin\Debug\net10.0\MedWork.Api.Tests.dll" adapterTypeName="executor://xunit/VsTestRunner2/netcoreapp" className="MedWork.Api.Tests.NavigationNullabilityTests" name="Navigation_Property_Is_Nullable" />
    </UnitTest>
    <UnitTest name="MedWork.Api.Tests.Integration.Fase1EndpointsTests.Allegato3B_Submit_ReturnsReceipt" storage="c:\github\medwork-manager\medwork.api.tests\bin\debug\net10.0\medwork.api.tests.dll" id="34ea61f6-d1bb-ef06-9b34-fe8dca5b1f3f">
      <Execution id="335c3b6f-bf7e-48ea-929d-ae8c89e31810" />
      <TestMethod codeBase="C:\github\medwork-manager\MedWork.Api.Tests\bin\Debug\net10.0\MedWork.Api.Tests.dll" adapterTypeName="executor://xunit/VsTestRunner2/netcoreapp" className="MedWork.Api.Tests.Integration.Fase1EndpointsTests" name="Allegato3B_Submit_ReturnsReceipt" />
    </UnitTest>
    <UnitTest name="MedWork.Api.Tests.Integration.AdminLifecycleAndNegativeIntegrationTests.Post_Employee_With_Missing_RequiredFields_Returns_BadRequest" storage="c:\github\medwork-manager\medwork.api.tests\bin\debug\net10.0\medwork.api.tests.dll" id="85634f90-86fb-6d26-daa3-2b87b5f799c6">
      <Execution id="f01d340a-fc65-4949-983a-1e425c6ea9e7" />
      <TestMethod codeBase="C:\github\medwork-manager\MedWork.Api.Tests\bin\Debug\net10.0\MedWork.Api.Tests.dll" adapterTypeName="executor://xunit/VsTestRunner2/netcoreapp" className="MedWork.Api.Tests.Integration.AdminLifecycleAndNegativeIntegrationTests" name="Post_Employee_With_Missing_RequiredFields_Returns_BadRequest" />
    </UnitTest>
    <UnitTest name="MedWork.Api.Tests.EntityValidationTests.MedicalVisit_With_Deadline_Before_Visit_Fails_Validation" storage="c:\github\medwork-manager\medwork.api.tests\bin\debug\net10.0\medwork.api.tests.dll" id="d4e7f576-44e5-5642-408c-16837e363d36">
      <Execution id="76149d03-e751-4b21-aff3-ed9e56624526" />
      <TestMethod codeBase="C:\github\medwork-manager\MedWork.Api.Tests\bin\Debug\net10.0\MedWork.Api.Tests.dll" adapterTypeName="executor://xunit/VsTestRunner2/netcoreapp" className="MedWork.Api.Tests.EntityValidationTests" name="MedicalVisit_With_Deadline_Before_Visit_Fails_Validation" />
    </UnitTest>
    <UnitTest name="MedWork.Api.Tests.NavigationNullabilityTests.Navigation_Property_Is_Nullable(modelType: typeof(MedWork.Api.Models.Employee), propertyName: &quot;Company&quot;)" storage="c:\github\medwork-manager\medwork.api.tests\bin\debug\net10.0\medwork.api.tests.dll" id="698b8e31-0244-65fd-d361-f68c9e6754ad">
      <Execution id="ed18d96f-302e-4868-88e0-c9395415f2fa" />
      <TestMethod codeBase="C:\github\medwork-manager\MedWork.Api.Tests\bin\Debug\net10.0\MedWork.Api.Tests.dll" adapterTypeName="executor://xunit/VsTestRunner2/netcoreapp" className="MedWork.Api.Tests.NavigationNullabilityTests" name="Navigation_Property_Is_Nullable" />
    </UnitTest>
    <UnitTest name="MedWork.Api.Tests.Integration.DoctorCrudIntegrationTests.Post_MedicalVisit_InvalidDates_Returns_BadRequest" storage="c:\github\medwork-manager\medwork.api.tests\bin\debug\net10.0\medwork.api.tests.dll" id="446c621c-0f00-ab7c-4a8b-0533eeaca4b5">
      <Execution id="7dbca1ed-62e5-4e1f-b3f2-9dee5d39923d" />
      <TestMethod codeBase="C:\github\medwork-manager\MedWork.Api.Tests\bin\Debug\net10.0\MedWork.Api.Tests.dll" adapterTypeName="executor://xunit/VsTestRunner2/netcoreapp" className="MedWork.Api.Tests.Integration.DoctorCrudIntegrationTests" name="Post_MedicalVisit_InvalidDates_Returns_BadRequest" />
    </UnitTest>
    <UnitTest name="MedWork.Api.Tests.Integration.AdminLifecycleAndNegativeIntegrationTests.Company_Lifecycle_Create_Update_Delete_Works" storage="c:\github\medwork-manager\medwork.api.tests\bin\debug\net10.0\medwork.api.tests.dll" id="8808359c-ad3b-2275-3f54-e4b480b3f7f0">
      <Execution id="9f519e3f-9204-4ed7-ba7d-6200d708a4f0" />
      <TestMethod codeBase="C:\github\medwork-manager\MedWork.Api.Tests\bin\Debug\net10.0\MedWork.Api.Tests.dll" adapterTypeName="executor://xunit/VsTestRunner2/netcoreapp" className="MedWork.Api.Tests.Integration.AdminLifecycleAndNegativeIntegrationTests" name="Company_Lifecycle_Create_Update_Delete_Works" />
    </UnitTest>
    <UnitTest name="MedWork.Api.Tests.Integration.Fase1EndpointsTests.CartellaSanitaria_Upsert_Then_Get_ReturnsOk" storage="c:\github\medwork-manager\medwork.api.tests\bin\debug\net10.0\medwork.api.tests.dll" id="5aa74380-85a6-ab2e-933c-5f5e9f1131da">
      <Execution id="aedeb624-666a-462c-8aef-e39e983fb151" />
      <TestMethod codeBase="C:\github\medwork-manager\MedWork.Api.Tests\bin\Debug\net10.0\MedWork.Api.Tests.dll" adapterTypeName="executor://xunit/VsTestRunner2/netcoreapp" className="MedWork.Api.Tests.Integration.Fase1EndpointsTests" name="CartellaSanitaria_Upsert_Then_Get_ReturnsOk" />
    </UnitTest>
    <UnitTest name="MedWork.Api.Tests.Integration.AuthorizationIntegrationTests.Doctor_Can_Access_Doctor_And_Master_Areas" storage="c:\github\medwork-manager\medwork.api.tests\bin\debug\net10.0\medwork.api.tests.dll" id="b827b2bd-9308-fc2a-745a-125b8fc97fe6">
      <Execution id="cdca21ea-31de-4173-abac-c4a3c5a71711" />
      <TestMethod codeBase="C:\github\medwork-manager\MedWork.Api.Tests\bin\Debug\net10.0\MedWork.Api.Tests.dll" adapterTypeName="executor://xunit/VsTestRunner2/netcoreapp" className="MedWork.Api.Tests.Integration.AuthorizationIntegrationTests" name="Doctor_Can_Access_Doctor_And_Master_Areas" />
    </UnitTest>
    <UnitTest name="MedWork.Api.Tests.NavigationNullabilityTests.Navigation_Property_Is_Nullable(modelType: typeof(MedWork.Api.Models.MedicalRecord), propertyName: &quot;Employee&quot;)" storage="c:\github\medwork-manager\medwork.api.tests\bin\debug\net10.0\medwork.api.tests.dll" id="9212043c-1468-809c-d57e-6978c02c6db4">
      <Execution id="7d1cebd8-dcc5-48f7-b7fa-a2393cfcda01" />
      <TestMethod codeBase="C:\github\medwork-manager\MedWork.Api.Tests\bin\Debug\net10.0\MedWork.Api.Tests.dll" adapterTypeName="executor://xunit/VsTestRunner2/netcoreapp" className="MedWork.Api.Tests.NavigationNullabilityTests" name="Navigation_Property_Is_Nullable" />
    </UnitTest>
    <UnitTest name="MedWork.Api.Tests.Integration.AdminCrudIntegrationTests.Post_Branch_Returns_Ok" storage="c:\github\medwork-manager\medwork.api.tests\bin\debug\net10.0\medwork.api.tests.dll" id="36f1d3f0-9932-c437-935a-8579e646a108">
      <Execution id="dd46025d-fc96-4654-83f6-d613b406833f" />
      <TestMethod codeBase="C:\github\medwork-manager\MedWork.Api.Tests\bin\Debug\net10.0\MedWork.Api.Tests.dll" adapterTypeName="executor://xunit/VsTestRunner2/netcoreapp" className="MedWork.Api.Tests.Integration.AdminCrudIntegrationTests" name="Post_Branch_Returns_Ok" />
    </UnitTest>
    <UnitTest name="MedWork.Api.Tests.Integration.AuthorizationIntegrationTests.Admin_Endpoint_Without_Auth_Returns_Unauthorized" storage="c:\github\medwork-manager\medwork.api.tests\bin\debug\net10.0\medwork.api.tests.dll" id="2707ec67-6a05-7633-738e-27493bef8309">
      <Execution id="519841e2-3021-46c8-85f8-4300a607dd42" />
      <TestMethod codeBase="C:\github\medwork-manager\MedWork.Api.Tests\bin\Debug\net10.0\MedWork.Api.Tests.dll" adapterTypeName="executor://xunit/VsTestRunner2/netcoreapp" className="MedWork.Api.Tests.Integration.AuthorizationIntegrationTests" name="Admin_Endpoint_Without_Auth_Returns_Unauthorized" />
    </UnitTest>
    <UnitTest name="MedWork.Api.Tests.NavigationNullabilityTests.Navigation_Property_Is_Nullable(modelType: typeof(MedWork.Api.Models.VisitExam), propertyName: &quot;MedicalVisit&quot;)" storage="c:\github\medwork-manager\medwork.api.tests\bin\debug\net10.0\medwork.api.tests.dll" id="89bba232-f8b7-804b-9e37-22004b731a39">
      <Execution id="8c17232b-61f7-4993-afbb-9b02829e88c8" />
      <TestMethod codeBase="C:\github\medwork-manager\MedWork.Api.Tests\bin\Debug\net10.0\MedWork.Api.Tests.dll" adapterTypeName="executor://xunit/VsTestRunner2/netcoreapp" className="MedWork.Api.Tests.NavigationNullabilityTests" name="Navigation_Property_Is_Nullable" />
    </UnitTest>
    <UnitTest name="MedWork.Api.Tests.Integration.DoctorCrudIntegrationTests.Post_MedicalVisit_Valid_Returns_Ok" storage="c:\github\medwork-manager\medwork.api.tests\bin\debug\net10.0\medwork.api.tests.dll" id="3c96c098-833f-7988-0a22-c134b970e050">
      <Execution id="1ec5b8ed-d625-4ca6-9a6e-5e9849cd5171" />
      <TestMethod codeBase="C:\github\medwork-manager\MedWork.Api.Tests\bin\Debug\net10.0\MedWork.Api.Tests.dll" adapterTypeName="executor://xunit/VsTestRunner2/netcoreapp" className="MedWork.Api.Tests.Integration.DoctorCrudIntegrationTests" name="Post_MedicalVisit_Valid_Returns_Ok" />
    </UnitTest>
  </TestDefinitions>
  <TestEntries>
    <TestEntry testId="2f0ba21f-6329-be7d-7f00-f193a1105be7" executionId="b664818b-34ec-453d-81d0-9bd92fdc0cb9" testListId="8c84fa94-04c1-424b-9868-57a2d4851a1d" />
    <TestEntry testId="9212043c-1468-809c-d57e-6978c02c6db4" executionId="7d1cebd8-dcc5-48f7-b7fa-a2393cfcda01" testListId="8c84fa94-04c1-424b-9868-57a2d4851a1d" />
    <TestEntry testId="587d34c9-201a-de39-f4e1-14c6df34caa1" executionId="4b0534b7-4aa7-4539-a3b1-b50594ef918e" testListId="8c84fa94-04c1-424b-9868-57a2d4851a1d" />
    <TestEntry testId="42a37d8b-75d2-925a-7bb2-78683ea938c9" executionId="cead46ed-c639-43fd-8492-160e6b34eb70" testListId="8c84fa94-04c1-424b-9868-57a2d4851a1d" />
    <TestEntry testId="0497de1d-78f7-b5d1-232a-ec5ba54e1a29" executionId="26508603-9021-4679-8907-5a6150ab945f" testListId="8c84fa94-04c1-424b-9868-57a2d4851a1d" />
    <TestEntry testId="2cde30f6-480c-5f4d-5c9e-c64289cb59fb" executionId="eee71325-c7f5-4400-b35d-5036ee68f7a8" testListId="8c84fa94-04c1-424b-9868-57a2d4851a1d" />
    <TestEntry testId="2cde30f6-480c-5f4d-5c9e-c64289cb59fb" executionId="b5067461-6316-4c49-b6ec-db35df7e280c" testListId="8c84fa94-04c1-424b-9868-57a2d4851a1d" />
    <TestEntry testId="5f9e427f-bffb-cae1-08d6-be8e11051591" executionId="1fa85787-0c7b-4ea5-816d-efa11502636c" testListId="8c84fa94-04c1-424b-9868-57a2d4851a1d" />
    <TestEntry testId="17b78f12-fee1-9ace-d7b9-7bddd35632a5" executionId="a2ea1856-18ae-4999-a5c4-31e5d47bc121" testListId="8c84fa94-04c1-424b-9868-57a2d4851a1d" />
    <TestEntry testId="2cde30f6-480c-5f4d-5c9e-c64289cb59fb" executionId="260e0b5d-7915-4215-8951-0c98938a9c04" testListId="8c84fa94-04c1-424b-9868-57a2d4851a1d" />
    <TestEntry testId="892cbf03-5f03-ac4c-15cb-f75fbaf59d37" executionId="84465308-2e62-45d3-9fef-547325f9e997" testListId="8c84fa94-04c1-424b-9868-57a2d4851a1d" />
    <TestEntry testId="3c96c098-833f-7988-0a22-c134b970e050" executionId="1ec5b8ed-d625-4ca6-9a6e-5e9849cd5171" testListId="8c84fa94-04c1-424b-9868-57a2d4851a1d" />
    <TestEntry testId="7ec1157d-139f-8345-c1e9-b2d426f76ef1" executionId="6b095cbd-e8e1-4bfc-84c9-85560b1dc03b" testListId="8c84fa94-04c1-424b-9868-57a2d4851a1d" />
    <TestEntry testId="dd080d72-1b55-c980-6de2-56d1b5e866f2" executionId="5ee14623-d0d1-4623-a85b-95e25880176c" testListId="8c84fa94-04c1-424b-9868-57a2d4851a1d" />
    <TestEntry testId="540cbba4-6301-d924-341f-1e005468ca0c" executionId="127933c7-9872-4292-ad2f-d36ccafcf81a" testListId="8c84fa94-04c1-424b-9868-57a2d4851a1d" />
    <TestEntry testId="d4e7f576-44e5-5642-408c-16837e363d36" executionId="76149d03-e751-4b21-aff3-ed9e56624526" testListId="8c84fa94-04c1-424b-9868-57a2d4851a1d" />
    <TestEntry testId="2cde30f6-480c-5f4d-5c9e-c64289cb59fb" executionId="ae3bd292-df2d-481f-b7c7-01a84cf1547f" testListId="8c84fa94-04c1-424b-9868-57a2d4851a1d" />
    <TestEntry testId="b3d4a86b-998d-ceb3-df89-c9f4dd353978" executionId="e29e3238-d1ea-4e75-9f8d-316c955ac3a0" testListId="8c84fa94-04c1-424b-9868-57a2d4851a1d" />
    <TestEntry testId="5aa74380-85a6-ab2e-933c-5f5e9f1131da" executionId="aedeb624-666a-462c-8aef-e39e983fb151" testListId="8c84fa94-04c1-424b-9868-57a2d4851a1d" />
    <TestEntry testId="b7db0981-180b-4d21-9f1d-7f752ebb546d" executionId="38366eb8-6cca-4287-8553-545207d6f273" testListId="8c84fa94-04c1-424b-9868-57a2d4851a1d" />
    <TestEntry testId="fac2bd5d-dded-93d3-f5ae-695e30c811a7" executionId="8d190d2f-5247-47ab-95ab-23d4197d9ecf" testListId="8c84fa94-04c1-424b-9868-57a2d4851a1d" />
    <TestEntry testId="08b15d5e-4ce7-9665-dcb3-886ff759d18c" executionId="34cce2d3-afae-4e2b-9e33-f199c4cd882c" testListId="8c84fa94-04c1-424b-9868-57a2d4851a1d" />
    <TestEntry testId="c3fbf6f0-432a-a2ad-f3d8-16fbafd3caf3" executionId="c6ef16b0-ecbd-487b-830e-fcacc284dc5d" testListId="8c84fa94-04c1-424b-9868-57a2d4851a1d" />
    <TestEntry testId="446c621c-0f00-ab7c-4a8b-0533eeaca4b5" executionId="7dbca1ed-62e5-4e1f-b3f2-9dee5d39923d" testListId="8c84fa94-04c1-424b-9868-57a2d4851a1d" />
    <TestEntry testId="8808359c-ad3b-2275-3f54-e4b480b3f7f0" executionId="9f519e3f-9204-4ed7-ba7d-6200d708a4f0" testListId="8c84fa94-04c1-424b-9868-57a2d4851a1d" />
    <TestEntry testId="4eef7452-5daf-977b-d3ff-9a59776abec9" executionId="e035744d-54ab-426d-a020-401604e49d7f" testListId="8c84fa94-04c1-424b-9868-57a2d4851a1d" />
    <TestEntry testId="85634f90-86fb-6d26-daa3-2b87b5f799c6" executionId="f01d340a-fc65-4949-983a-1e425c6ea9e7" testListId="8c84fa94-04c1-424b-9868-57a2d4851a1d" />
    <TestEntry testId="2cde30f6-480c-5f4d-5c9e-c64289cb59fb" executionId="fe33d7b3-640f-42eb-8c1d-970e816bedd5" testListId="8c84fa94-04c1-424b-9868-57a2d4851a1d" />
    <TestEntry testId="2cde30f6-480c-5f4d-5c9e-c64289cb59fb" executionId="152b8073-c9ac-48b9-a587-996f982f2547" testListId="8c84fa94-04c1-424b-9868-57a2d4851a1d" />
    <TestEntry testId="92345bf1-2dfb-7b78-36f1-aba492f48166" executionId="992f4755-901d-46b5-8f1c-4cf5b21bf2ac" testListId="8c84fa94-04c1-424b-9868-57a2d4851a1d" />
    <TestEntry testId="b827b2bd-9308-fc2a-745a-125b8fc97fe6" executionId="cdca21ea-31de-4173-abac-c4a3c5a71711" testListId="8c84fa94-04c1-424b-9868-57a2d4851a1d" />
    <TestEntry testId="34ea61f6-d1bb-ef06-9b34-fe8dca5b1f3f" executionId="335c3b6f-bf7e-48ea-929d-ae8c89e31810" testListId="8c84fa94-04c1-424b-9868-57a2d4851a1d" />
    <TestEntry testId="b4ec1d63-9bf2-2e66-f696-e7ff50dc265d" executionId="4cc08287-29e9-494c-a16a-deddccf9d2ef" testListId="8c84fa94-04c1-424b-9868-57a2d4851a1d" />
    <TestEntry testId="2b4479ce-2c92-87c8-5bf8-5fd2bc985362" executionId="6da26989-c156-49a1-8acd-5dd2893af3c8" testListId="8c84fa94-04c1-424b-9868-57a2d4851a1d" />
    <TestEntry testId="a5ad300f-9331-2eda-c025-9082c2d991ab" executionId="276eef1b-fd13-4f45-a22f-7835493b78b4" testListId="8c84fa94-04c1-424b-9868-57a2d4851a1d" />
    <TestEntry testId="2cde30f6-480c-5f4d-5c9e-c64289cb59fb" executionId="e2cb51c2-fc6e-46e2-ac9c-41c3d5c39609" testListId="8c84fa94-04c1-424b-9868-57a2d4851a1d" />
    <TestEntry testId="fc5e3d4f-df2b-d961-7a7c-681e97273afa" executionId="10d4ef1a-050d-4380-a88e-2ad54be47253" testListId="8c84fa94-04c1-424b-9868-57a2d4851a1d" />
    <TestEntry testId="36f1d3f0-9932-c437-935a-8579e646a108" executionId="dd46025d-fc96-4654-83f6-d613b406833f" testListId="8c84fa94-04c1-424b-9868-57a2d4851a1d" />
    <TestEntry testId="2707ec67-6a05-7633-738e-27493bef8309" executionId="519841e2-3021-46c8-85f8-4300a607dd42" testListId="8c84fa94-04c1-424b-9868-57a2d4851a1d" />
    <TestEntry testId="698b8e31-0244-65fd-d361-f68c9e6754ad" executionId="ed18d96f-302e-4868-88e0-c9395415f2fa" testListId="8c84fa94-04c1-424b-9868-57a2d4851a1d" />
    <TestEntry testId="b627d301-cc52-05df-19ad-d5102ddb93ee" executionId="fc432dc5-a571-47b5-ad9e-149b741deeb5" testListId="8c84fa94-04c1-424b-9868-57a2d4851a1d" />
    <TestEntry testId="c2653b26-256f-a684-a40e-d63f2ab2faf4" executionId="fc43fbd3-e5c4-4a16-81d6-3fea2d0a6935" testListId="8c84fa94-04c1-424b-9868-57a2d4851a1d" />
    <TestEntry testId="2cde30f6-480c-5f4d-5c9e-c64289cb59fb" executionId="4ba37ec2-1b61-446f-ada8-909726d77cdf" testListId="8c84fa94-04c1-424b-9868-57a2d4851a1d" />
    <TestEntry testId="89bba232-f8b7-804b-9e37-22004b731a39" executionId="8c17232b-61f7-4993-afbb-9b02829e88c8" testListId="8c84fa94-04c1-424b-9868-57a2d4851a1d" />
    <TestEntry testId="dfa6e10e-ce97-ccc9-ec03-c9d2dcd7a0ee" executionId="f44214da-7021-4c6f-963f-5e434086fab5" testListId="8c84fa94-04c1-424b-9868-57a2d4851a1d" />
    <TestEntry testId="2cde30f6-480c-5f4d-5c9e-c64289cb59fb" executionId="c24d9abd-64ca-43bf-8939-da4bce7b0258" testListId="8c84fa94-04c1-424b-9868-57a2d4851a1d" />
    <TestEntry testId="ef74c0f4-8228-0d3f-45cd-ba2efd934018" executionId="24de7173-a437-4fec-9c9a-d818b7faec2b" testListId="8c84fa94-04c1-424b-9868-57a2d4851a1d" />
    <TestEntry testId="2cde30f6-480c-5f4d-5c9e-c64289cb59fb" executionId="aebc8302-acd5-4533-a402-cc0c04e2a559" testListId="8c84fa94-04c1-424b-9868-57a2d4851a1d" />
  </TestEntries>
  <TestLists>
    <TestList name="Results Not in a List" id="8c84fa94-04c1-424b-9868-57a2d4851a1d" />
    <TestList name="All Loaded Results" id="19431567-8539-422a-85d7-44ee4e166bda" />
  </TestLists>
  <ResultSummary outcome="Completed">
    <Counters total="48" executed="48" passed="48" failed="0" error="0" timeout="0" aborted="0" inconclusive="0" passedButRunAborted="0" notRunnable="0" notExecuted="0" disconnected="0" warning="0" completed="0" inProgress="0" pending="0" />
    <Output>
      <StdOut>[xUnit.net 00:00:00.00] xUnit.net VSTest Adapter v2.8.2+699d445a1a (64-bit .NET 10.0.10)&#xD;
[xUnit.net 00:00:00.06]   Discovering: MedWork.Api.Tests&#xD;
[xUnit.net 00:00:00.11]   Discovered:  MedWork.Api.Tests&#xD;
[xUnit.net 00:00:00.11]   Starting:    MedWork.Api.Tests&#xD;
info: Microsoft.Hosting.Lifetime[0]&#xD;
      Application started. Press Ctrl+C to shut down.&#xD;
info: Microsoft.Hosting.Lifetime[0]&#xD;
      Application started. Press Ctrl+C to shut down.&#xD;
info: Microsoft.Hosting.Lifetime[0]&#xD;
      Application started. Press Ctrl+C to shut down.&#xD;
info: Microsoft.Hosting.Lifetime[0]&#xD;
      Application started. Press Ctrl+C to shut down.&#xD;
info: Microsoft.Hosting.Lifetime[0]&#xD;
      Application started. Press Ctrl+C to shut down.&#xD;
info: Microsoft.Hosting.Lifetime[0]&#xD;
      Application started. Press Ctrl+C to shut down.&#xD;
info: Microsoft.Hosting.Lifetime[0]&#xD;
      Hosting environment: Testing&#xD;
info: Microsoft.Hosting.Lifetime[0]&#xD;
      Hosting environment: Testing&#xD;
info: Microsoft.Hosting.Lifetime[0]&#xD;
      Hosting environment: Testing&#xD;
info: Microsoft.Hosting.Lifetime[0]&#xD;
      Hosting environment: Testing&#xD;
info: Microsoft.Hosting.Lifetime[0]&#xD;
      Content root path: C:\github\medwork-manager\MedWork.Api&#xD;
info: Microsoft.Hosting.Lifetime[0]&#xD;
      Content root path: C:\github\medwork-manager\MedWork.Api&#xD;
info: Microsoft.Hosting.Lifetime[0]&#xD;
      Hosting environment: Testing&#xD;
info: Microsoft.Hosting.Lifetime[0]&#xD;
      Content root path: C:\github\medwork-manager\MedWork.Api&#xD;
info: Microsoft.Hosting.Lifetime[0]&#xD;
      Content root path: C:\github\medwork-manager\MedWork.Api&#xD;
info: Microsoft.Hosting.Lifetime[0]&#xD;
      Content root path: C:\github\medwork-manager\MedWork.Api&#xD;
info: Microsoft.Hosting.Lifetime[0]&#xD;
      Hosting environment: Testing&#xD;
info: Microsoft.Hosting.Lifetime[0]&#xD;
      Content root path: C:\github\medwork-manager\MedWork.Api&#xD;
warn: Microsoft.AspNetCore.HttpsPolicy.HttpsRedirectionMiddleware[3]&#xD;
      Failed to determine the https port for redirect.&#xD;
warn: Microsoft.AspNetCore.HttpsPolicy.HttpsRedirectionMiddleware[3]&#xD;
      Failed to determine the https port for redirect.&#xD;
warn: Microsoft.AspNetCore.HttpsPolicy.HttpsRedirectionMiddleware[3]&#xD;
      Failed to determine the https port for redirect.&#xD;
[notify:Pec] -&gt; employee 1: Promemoria visita medica&#xD;
warn: Microsoft.EntityFrameworkCore.Model.Validation[10625]&#xD;
      The foreign key property 'Company.TenantId1' was created in shadow state because a conflicting property with the simple name 'TenantId' exists in the entity type, but is either not mapped, is already used for another relationship, or is incompatible with the associated primary key type. See https://aka.ms/efcore-relationships for information on mapping relationships in EF Core.&#xD;
warn: Microsoft.EntityFrameworkCore.Model.Validation[10625]&#xD;
      The foreign key property 'CompanyDoctor.CompanyId1' was created in shadow state because a conflicting property with the simple name 'CompanyId' exists in the entity type, but is either not mapped, is already used for another relationship, or is incompatible with the associated primary key type. See https://aka.ms/efcore-relationships for information on mapping relationships in EF Core.&#xD;
warn: Microsoft.EntityFrameworkCore.Model.Validation[10625]&#xD;
      The foreign key property 'CompanyDoctor.DoctorId1' was created in shadow state because a conflicting property with the simple name 'DoctorId' exists in the entity type, but is either not mapped, is already used for another relationship, or is incompatible with the associated primary key type. See https://aka.ms/efcore-relationships for information on mapping relationships in EF Core.&#xD;
warn: Microsoft.EntityFrameworkCore.Model.Validation[10625]&#xD;
      The foreign key property 'Doctor.TenantId1' was created in shadow state because a conflicting property with the simple name 'TenantId' exists in the entity type, but is either not mapped, is already used for another relationship, or is incompatible with the associated primary key type. See https://aka.ms/efcore-relationships for information on mapping relationships in EF Core.&#xD;
warn: Microsoft.EntityFrameworkCore.Model.Validation[10625]&#xD;
      The foreign key property 'ScheduledExam.ExamTypeId1' was created in shadow state because a conflicting property with the simple name 'ExamTypeId' exists in the entity type, but is either not mapped, is already used for another relationship, or is incompatible with the associated primary key type. See https://aka.ms/efcore-relationships for information on mapping relationships in EF Core.&#xD;
info: Microsoft.EntityFrameworkCore.Update[30100]&#xD;
      Saved 0 entities to in-memory store.&#xD;
info: Microsoft.EntityFrameworkCore.Update[30100]&#xD;
      Saved 1 entities to in-memory store.&#xD;
info: Microsoft.EntityFrameworkCore.Update[30100]&#xD;
      Saved 1 entities to in-memory store.&#xD;
info: Microsoft.EntityFrameworkCore.Update[30100]&#xD;
      Saved 1 entities to in-memory store.&#xD;
info: Microsoft.EntityFrameworkCore.Update[30100]&#xD;
      Saved 1 entities to in-memory store.&#xD;
info: Microsoft.EntityFrameworkCore.Update[30100]&#xD;
      Saved 1 entities to in-memory store.&#xD;
warn: Microsoft.AspNetCore.HttpsPolicy.HttpsRedirectionMiddleware[3]&#xD;
      Failed to determine the https port for redirect.&#xD;
info: Microsoft.EntityFrameworkCore.Update[30100]&#xD;
      Saved 1 entities to in-memory store.&#xD;
info: Microsoft.EntityFrameworkCore.Update[30100]&#xD;
      Saved 1 entities to in-memory store.&#xD;
info: Microsoft.EntityFrameworkCore.Update[30100]&#xD;
      Saved 1 entities to in-memory store.&#xD;
info: Microsoft.EntityFrameworkCore.Update[30100]&#xD;
      Saved 1 entities to in-memory store.&#xD;
info: Microsoft.EntityFrameworkCore.Update[30100]&#xD;
      Saved 1 entities to in-memory store.&#xD;
info: MedWork.Api.Tests.Integration.TestAuthHandler[13]&#xD;
      AuthenticationScheme: TestAuth was forbidden.&#xD;
warn: Microsoft.AspNetCore.HttpsPolicy.HttpsRedirectionMiddleware[3]&#xD;
      Failed to determine the https port for redirect.&#xD;
info: Microsoft.EntityFrameworkCore.Update[30100]&#xD;
      Saved 1 entities to in-memory store.&#xD;
info: Microsoft.EntityFrameworkCore.Update[30100]&#xD;
      Saved 1 entities to in-memory store.&#xD;
info: Microsoft.EntityFrameworkCore.Update[30100]&#xD;
      Saved 1 entities to in-memory store.&#xD;
info: Microsoft.EntityFrameworkCore.Update[30100]&#xD;
      Saved 1 entities to in-memory store.&#xD;
info: Microsoft.EntityFrameworkCore.Update[30100]&#xD;
      Saved 1 entities to in-memory store.&#xD;
info: Microsoft.EntityFrameworkCore.Update[30100]&#xD;
      Saved 1 entities to in-memory store.&#xD;
info: Microsoft.EntityFrameworkCore.Update[30100]&#xD;
      Saved 1 entities to in-memory store.&#xD;
info: Microsoft.EntityFrameworkCore.Update[30100]&#xD;
      Saved 1 entities to in-memory store.&#xD;
info: Microsoft.EntityFrameworkCore.Update[30100]&#xD;
      Saved 1 entities to in-memory store.&#xD;
info: Microsoft.EntityFrameworkCore.Update[30100]&#xD;
      Saved 1 entities to in-memory store.&#xD;
info: Microsoft.Hosting.Lifetime[0]&#xD;
      Application started. Press Ctrl+C to shut down.&#xD;
info: Microsoft.Hosting.Lifetime[0]&#xD;
      Hosting environment: Testing&#xD;
info: Microsoft.Hosting.Lifetime[0]&#xD;
      Content root path: C:\github\medwork-manager\MedWork.Api&#xD;
warn: Microsoft.AspNetCore.HttpsPolicy.HttpsRedirectionMiddleware[3]&#xD;
      Failed to determine the https port for redirect.&#xD;
info: Microsoft.EntityFrameworkCore.Update[30100]&#xD;
      Saved 1 entities to in-memory store.&#xD;
info: Microsoft.EntityFrameworkCore.Update[30100]&#xD;
      Saved 1 entities to in-memory store.&#xD;
info: Microsoft.EntityFrameworkCore.Update[30100]&#xD;
      Saved 1 entities to in-memory store.&#xD;
info: Microsoft.Hosting.Lifetime[0]&#xD;
      Application is shutting down...&#xD;
info: Microsoft.Hosting.Lifetime[0]&#xD;
      Application is shutting down...&#xD;
info: Microsoft.Hosting.Lifetime[0]&#xD;
      Application is shutting down...&#xD;
warn: Microsoft.AspNetCore.HttpsPolicy.HttpsRedirectionMiddleware[3]&#xD;
      Failed to determine the https port for redirect.&#xD;
info: Microsoft.Hosting.Lifetime[0]&#xD;
      Application is shutting down...&#xD;
info: Microsoft.EntityFrameworkCore.Update[30100]&#xD;
      Saved 1 entities to in-memory store.&#xD;
info: Microsoft.Hosting.Lifetime[0]&#xD;
      Application is shutting down...&#xD;
info: Microsoft.EntityFrameworkCore.Update[30100]&#xD;
      Saved 2 entities to in-memory store.&#xD;
info: Microsoft.EntityFrameworkCore.Update[30100]&#xD;
      Saved 1 entities to in-memory store.&#xD;
info: Microsoft.EntityFrameworkCore.Update[30100]&#xD;
      Saved 1 entities to in-memory store.&#xD;
info: Microsoft.EntityFrameworkCore.Update[30100]&#xD;
      Saved 1 entities to in-memory store.&#xD;
info: Microsoft.Hosting.Lifetime[0]&#xD;
      Application is shutting down...&#xD;
info: Microsoft.EntityFrameworkCore.Update[30100]&#xD;
      Saved 1 entities to in-memory store.&#xD;
info: Microsoft.EntityFrameworkCore.Update[30100]&#xD;
      Saved 1 entities to in-memory store.&#xD;
info: Microsoft.EntityFrameworkCore.Update[30100]&#xD;
      Saved 1 entities to in-memory store.&#xD;
info: Microsoft.EntityFrameworkCore.Update[30100]&#xD;
      Saved 1 entities to in-memory store.&#xD;
info: Microsoft.EntityFrameworkCore.Update[30100]&#xD;
      Saved 1 entities to in-memory store.&#xD;
info: Microsoft.EntityFrameworkCore.Update[30100]&#xD;
      Saved 1 entities to in-memory store.&#xD;
info: Microsoft.EntityFrameworkCore.Update[30100]&#xD;
      Saved 1 entities to in-memory store.&#xD;
info: Microsoft.EntityFrameworkCore.Update[30100]&#xD;
      Saved 1 entities to in-memory store.&#xD;
info: Microsoft.EntityFrameworkCore.Update[30100]&#xD;
      Saved 1 entities to in-memory store.&#xD;
info: Microsoft.EntityFrameworkCore.Update[30100]&#xD;
      Saved 1 entities to in-memory store.&#xD;
info: Microsoft.EntityFrameworkCore.Update[30100]&#xD;
      Saved 1 entities to in-memory store.&#xD;
info: Microsoft.Hosting.Lifetime[0]&#xD;
      Application is shutting down...&#xD;
[xUnit.net 00:00:01.45]   Finished:    MedWork.Api.Tests&#xD;
</StdOut>
    </Output>
  </ResultSummary>
</TestRun>